// Jest Snapshot v1, https://goo.gl/fbAQLP

exports[`Content component should be correctly rendered 1`] = `
<div
  className="Content horizontal-left vertical-up size-medium"
  style={
    Object {
      "height": "auto",
      "width": "auto",
    }
  }
>
  <div />
</div>
`;
