// Jest Snapshot v1, https://goo.gl/fbAQLP

exports[`Spacer component should be correctly rendered 1`] = `
<div
  className="spacer"
/>
`;
