// Jest Snapshot v1, https://goo.gl/fbAQLP

exports[`Layout component should be correctly rendered 1`] = `
<div
  className="board subject"
>
  <div />
</div>
`;
