// Jest Snapshot v1, https://goo.gl/fbAQLP

exports[`Text component should be correctly rendered 1`] = `
<p
  className="Text left size-medium"
>
  text
</p>
`;
