// Jest Snapshot v1, https://goo.gl/fbAQLP

exports[`Theme component should be correctly rendered 1`] = `
<div
  className="theme-wrap sky-theme"
  style={
    {
      "color": "white",
    }
  }
>
  <div />
</div>
`;
